// Jest Snapshot v1, https://goo.gl/fbAQLP

exports[`renders without crashing 1`] = `
<Relay(AirportWithoutData)
  data={Object {}}
/>
`;
