// Jest Snapshot v1, https://goo.gl/fbAQLP

exports[`ButtonPopup render popup with child 1`] = `
<Popup
  isVisible={true}
  onClose={[Function]}
>
  <View
    style={
      Array [
        Object {
          "padding": 20,
          "paddingBottom": 0,
        },
        undefined,
      ]
    }
  >
    <Text
      accessible={true}
      allowFontScaling={true}
      ellipsizeMode="tail"
    >
      Child
    </Text>
  </View>
  <View
    style={
      Object {
        "margin": 20,
        "marginTop": 20,
      }
    }
  >
    <Button
      onPress={[Function]}
      title="Save"
    />
  </View>
</Popup>
`;
