// Jest Snapshot v1, https://goo.gl/fbAQLP

exports[`ButtonPopup playground renders in playground 1`] = `
<Popup
  isVisible={true}
  onClose={[Function]}
>
  <View
    style={
      Array [
        Object {
          "padding": 20,
          "paddingBottom": 0,
        },
        undefined,
      ]
    }
  >
    <Text>
      Child
    </Text>
  </View>
  <View
    style={
      Object {
        "margin": 20,
        "marginTop": 20,
      }
    }
  >
    <Button
      onPress={[Function]}
      styles={
        Object {
          "buttonWrapper": Object {
            "height": 44,
          },
        }
      }
      title={
        <DummyTranslation
          id="Save"
        />
      }
    />
  </View>
</Popup>
`;
