// Jest Snapshot v1, https://goo.gl/fbAQLP

exports[`Services Should render correctly 1`] = `
Array [
  <Text
    style={
      Array [
        Object {
          "color": "#252A31",
          "fontFamily": "CircularPro-Book",
          "fontSize": 14,
          "fontWeight": "normal",
          "letterSpacing": -0.15,
        },
        Object {
          "color": "#5F738C",
          "fontSize": 12,
          "fontWeight": "bold",
          "textTransform": "uppercase",
        },
      ]
    }
  >
    <Text>
      Services included
    </Text>
  </Text>,
  <View
    style={
      Object {
        "marginBottom": 16,
        "marginTop": 8,
      }
    }
  >
    <View
      style={
        Object {
          "alignItems": "center",
          "flexDirection": "row",
          "marginBottom": 8,
        }
      }
    >
      <Text
        style={
          Array [
            Object {
              "fontFamily": "orbit-icons",
            },
            Object {
              "fontSize": 24,
              "height": 24,
              "lineHeight": 24,
              "width": 24,
            },
            Object {
              "color": "#5F738C",
            },
            Array [
              undefined,
              null,
            ],
          ]
        }
      >
        ÓÅí
      </Text>
      <Text
        style={
          Array [
            Object {
              "color": "#252A31",
              "fontFamily": "CircularPro-Book",
              "fontSize": 14,
              "fontWeight": "normal",
              "letterSpacing": -0.15,
            },
            Object {
              "color": "#252A31",
              "fontWeight": "bold",
              "marginStart": 4,
            },
          ]
        }
      >
        <Text>
          Fast track security route
        </Text>
      </Text>
    </View>
    <View
      style={
        Object {
          "alignItems": "center",
          "flexDirection": "row",
          "marginBottom": 8,
        }
      }
    >
      <Text
        style={
          Array [
            Object {
              "fontFamily": "orbit-icons",
            },
            Object {
              "fontSize": 24,
              "height": 24,
              "lineHeight": 24,
              "width": 24,
            },
            Object {
              "color": "#5F738C",
            },
            Array [
              undefined,
              null,
            ],
          ]
        }
      >
        h
      </Text>
      <Text
        style={
          Array [
            Object {
              "color": "#252A31",
              "fontFamily": "CircularPro-Book",
              "fontSize": 14,
              "fontWeight": "normal",
              "letterSpacing": -0.15,
            },
            Object {
              "color": "#252A31",
              "fontWeight": "bold",
              "marginStart": 4,
            },
          ]
        }
      >
        <Text>
          Baggage handling assistance
        </Text>
      </Text>
    </View>
  </View>,
]
`;
