// Jest Snapshot v1, https://goo.gl/fbAQLP

exports[`ButtonPopup playground renders in playground 1`] = `
<Popup
  isVisible={true}
  onClose={[Function]}
>
  <Component
    style={
      Array [
        Object {
          "padding": 20,
          "paddingBottom": 0,
        },
        undefined,
      ]
    }
  >
    <Translation
      passThrough="Child"
    />
  </Component>
  <Component
    style={
      Object {
        "margin": 20,
        "marginTop": 20,
      }
    }
  >
    <TextButton
      onPress={[Function]}
      title={
        <Translation
          passThrough="Save"
        />
      }
    />
  </Component>
</Popup>
`;
