// Jest Snapshot v1, https://goo.gl/fbAQLP

exports[`renders with partial legs 1`] = `
<SimpleCard>
  <View
    style={
      Object {
        "flex": 16,
        "flexDirection": "row",
      }
    }
  >
    <View
      style={
        Object {
          "flex": 2,
        }
      }
    >
      <Relay(PriceWithoutData)
        data={Object {}}
      />
    </View>
    <View
      style={
        Object {
          "flex": 14,
          "flexDirection": "column",
        }
      }
    >
      <View
        style={
          Object {
            "flexDirection": "row",
          }
        }
      >
        <View
          style={
            Object {
              "flexDirection": "column",
            }
          }
        >
          <Relay(RouteStopWithoutData)
            data={
              Object {
                "localTime": "2017-11-19T09:00:00",
              }
            }
          />
          <DateComponent
            dateTime="2017-11-19T09:00:00"
          />
        </View>
        <Text
          accessible={true}
          allowFontScaling={true}
          disabled={false}
          ellipsizeMode="tail"
        >
           â†’ 
        </Text>
        <View
          style={
            Object {
              "flexDirection": "column",
            }
          }
        >
          <Relay(RouteStopWithoutData)
            data={
              Object {
                "localTime": "2017-11-19T12:00:00",
              }
            }
          />
          <DateComponent
            dateTime="2017-11-19T12:00:00"
          />
        </View>
      </View>
      <View
        style={
          Object {
            "flexDirection": "row",
          }
        }
      >
        <Relay(AirlineLogoData)
          data={Object {}}
        />
        <Text
          accessible={true}
          allowFontScaling={true}
          disabled={false}
          ellipsizeMode="tail"
        >
          in 
          <Duration
            minutes={60}
          />
        </Text>
      </View>
    </View>
  </View>
</SimpleCard>
`;

exports[`renders without legs 1`] = `
<Text
  accessible={true}
  allowFontScaling={true}
  disabled={false}
  ellipsizeMode="tail"
>
  Flight legs could not be loaded (missing data).
</Text>
`;
