// Jest Snapshot v1, https://goo.gl/fbAQLP

exports[`Slider renders 1`] = `
<Component
  onLayout={[Function]}
  style={
    Object {
      "paddingHorizontal": 20,
    }
  }
>
  <MultiSlider
    allowOverlap={true}
    containerStyle={
      Array [
        Object {
          "justifyContent": "center",
        },
        undefined,
      ]
    }
    customMarker={[Function]}
    customMarkerLeft={[Function]}
    customMarkerRight={[Function]}
    enabledOne={true}
    enabledTwo={true}
    markerOffsetX={0}
    markerOffsetY={0}
    markerStyle={
      Object {
        "backgroundColor": "#fff",
        "borderColor": "#bdbdbd",
        "borderRadius": 15,
        "borderWidth": 1,
        "elevation": 1,
        "height": 30,
        "margin": 3,
        "shadowColor": "#000",
        "shadowOffset": Object {
          "height": 3,
          "width": 0,
        },
        "shadowOpacity": 0.3,
        "shadowRadius": 2,
        "width": 30,
      }
    }
    max={50}
    min={1}
    onToggleOne={undefined}
    onToggleTwo={undefined}
    onValuesChange={[Function]}
    onValuesChangeFinish={[Function]}
    onValuesChangeStart={[Function]}
    pressedMarkerStyle={
      Object {
        "backgroundColor": "#fff",
        "borderColor": "#bdbdbd",
        "borderRadius": 15,
        "borderWidth": 1,
        "elevation": 1,
        "height": 30,
        "margin": 3,
        "shadowColor": "#000",
        "shadowOffset": Object {
          "height": 3,
          "width": 0,
        },
        "shadowOpacity": 0.3,
        "shadowRadius": 2,
        "width": 30,
      }
    }
    selectedStyle={
      Object {
        "backgroundColor": "#f9971e",
      }
    }
    sliderLength={-40}
    snapped={false}
    step={1}
    touchDimensions={
      Object {
        "borderRadius": 0,
        "height": 30,
        "slipDisplacement": 500,
        "width": 30,
      }
    }
    trackStyle={
      Object {
        "borderRadius": 5,
        "height": 2,
      }
    }
    unselectedStyle={
      Object {
        "backgroundColor": "#bdbdbd",
      }
    }
    values={
      Array [
        1,
        50,
      ]
    }
  />
</Component>
`;

exports[`Slider renders correctly with all values equal 1`] = `
<Component
  onLayout={[Function]}
  style={
    Object {
      "paddingHorizontal": 20,
    }
  }
>
  <MultiSlider
    allowOverlap={true}
    containerStyle={
      Array [
        Object {
          "justifyContent": "center",
        },
        undefined,
      ]
    }
    customMarker={[Function]}
    customMarkerLeft={[Function]}
    customMarkerRight={[Function]}
    enabledOne={false}
    enabledTwo={false}
    markerOffsetX={0}
    markerOffsetY={0}
    markerStyle={
      Object {
        "backgroundColor": "#fff",
        "borderColor": "#bdbdbd",
        "borderRadius": 15,
        "borderWidth": 1,
        "elevation": 1,
        "height": 30,
        "margin": 3,
        "shadowColor": "#000",
        "shadowOffset": Object {
          "height": 3,
          "width": 0,
        },
        "shadowOpacity": 0.3,
        "shadowRadius": 2,
        "width": 30,
      }
    }
    max={501}
    min={499}
    onToggleOne={undefined}
    onToggleTwo={undefined}
    onValuesChange={[Function]}
    onValuesChangeFinish={[Function]}
    onValuesChangeStart={[Function]}
    pressedMarkerStyle={
      Object {
        "backgroundColor": "#fff",
        "borderColor": "#bdbdbd",
        "borderRadius": 15,
        "borderWidth": 1,
        "elevation": 1,
        "height": 30,
        "margin": 3,
        "shadowColor": "#000",
        "shadowOffset": Object {
          "height": 3,
          "width": 0,
        },
        "shadowOpacity": 0.3,
        "shadowRadius": 2,
        "width": 30,
      }
    }
    selectedStyle={
      Object {
        "backgroundColor": "#f9971e",
      }
    }
    sliderLength={-40}
    snapped={false}
    step={1}
    touchDimensions={
      Object {
        "borderRadius": 0,
        "height": 30,
        "slipDisplacement": 500,
        "width": 30,
      }
    }
    trackStyle={
      Object {
        "borderRadius": 5,
        "height": 2,
      }
    }
    unselectedStyle={
      Object {
        "backgroundColor": "#bdbdbd",
      }
    }
    values={
      Array [
        500,
        500,
      ]
    }
  />
</Component>
`;

exports[`Slider renders with endValue undefined 1`] = `
<Component
  onLayout={[Function]}
  style={
    Object {
      "paddingHorizontal": 20,
    }
  }
>
  <MultiSlider
    allowOverlap={true}
    containerStyle={
      Array [
        Object {
          "justifyContent": "center",
        },
        undefined,
      ]
    }
    customMarker={[Function]}
    customMarkerLeft={[Function]}
    customMarkerRight={[Function]}
    enabledOne={true}
    enabledTwo={true}
    markerOffsetX={0}
    markerOffsetY={0}
    markerStyle={
      Object {
        "backgroundColor": "#fff",
        "borderColor": "#bdbdbd",
        "borderRadius": 15,
        "borderWidth": 1,
        "elevation": 1,
        "height": 30,
        "margin": 3,
        "shadowColor": "#000",
        "shadowOffset": Object {
          "height": 3,
          "width": 0,
        },
        "shadowOpacity": 0.3,
        "shadowRadius": 2,
        "width": 30,
      }
    }
    max={50}
    min={1}
    onToggleOne={undefined}
    onToggleTwo={undefined}
    onValuesChange={[Function]}
    onValuesChangeFinish={[Function]}
    onValuesChangeStart={[Function]}
    pressedMarkerStyle={
      Object {
        "backgroundColor": "#fff",
        "borderColor": "#bdbdbd",
        "borderRadius": 15,
        "borderWidth": 1,
        "elevation": 1,
        "height": 30,
        "margin": 3,
        "shadowColor": "#000",
        "shadowOffset": Object {
          "height": 3,
          "width": 0,
        },
        "shadowOpacity": 0.3,
        "shadowRadius": 2,
        "width": 30,
      }
    }
    selectedStyle={
      Object {
        "backgroundColor": "#f9971e",
      }
    }
    sliderLength={-40}
    snapped={false}
    step={1}
    touchDimensions={
      Object {
        "borderRadius": 0,
        "height": 30,
        "slipDisplacement": 500,
        "width": 30,
      }
    }
    trackStyle={
      Object {
        "borderRadius": 5,
        "height": 2,
      }
    }
    unselectedStyle={
      Object {
        "backgroundColor": "#bdbdbd",
      }
    }
    values={
      Array [
        1,
      ]
    }
  />
</Component>
`;
