// Jest Snapshot v1, https://goo.gl/fbAQLP

exports[`renders empty element without props 1`] = `
<View
  onLayout={[Function]}
  style={
    Object {
      "flex": 1,
    }
  }
/>
`;
