// Jest Snapshot v1, https://goo.gl/fbAQLP

exports[`Alert renders danger type 1`] = `
<AlertDanger
  title={
    <Translation
      passThrough="Alert danger"
    />
  }
>
  <Translation
    passThrough="Alert body"
  />
</AlertDanger>
`;
