// Jest Snapshot v1, https://goo.gl/fbAQLP

exports[`IncrementDecrementButtons renders 1`] = `
<Component
  style={
    Object {
      "backgroundColor": "#ffffff",
      "borderColor": "#0097a9",
      "borderRadius": 4,
      "borderWidth": 1,
      "flexDirection": "row",
      "height": 29,
      "width": 94,
    }
  }
>
  <Component
    style={
      Object {
        "alignItems": "center",
        "borderColor": "#0097a9",
        "borderRightWidth": 1,
        "paddingBottom": 0,
      }
    }
  >
    <Button
      onPress={[MockFunction]}
      style={
        Object {
          "paddingBottom": 32,
        }
      }
      text="â€“"
      touchable={false}
    />
  </Component>
  <Button
    onPress={[MockFunction]}
    text="+"
    touchable={true}
  />
</Component>
`;
