// Jest Snapshot v1, https://goo.gl/fbAQLP

exports[`Guests Render all inputs 1`] = `
<View>
  <TouchableItem
    activeOpacity={0.6}
    borderless={false}
    onPress={[Function]}
    pressColor="rgba(0, 0, 0, .32)"
  >
    <View
      style={
        Object {
          "alignItems": "center",
          "backgroundColor": "#fff",
          "borderRadius": 0,
          "elevation": 1,
          "flexDirection": "row",
          "height": 47,
          "padding": 12,
        }
      }
    >
      <Icon
        color="#757575"
        name="people"
        size={20}
        style={
          Object {
            "marginRight": 5,
          }
        }
      />
      <Text>
        3 Guests
      </Text>
    </View>
  </TouchableItem>
  <GuestsPopup
    guests={
      Object {
        "adultsCount": 3,
        "children": Array [],
      }
    }
    isVisible={false}
    onChange={[Function]}
    onClose={[Function]}
  />
</View>
`;
