// Jest Snapshot v1, https://goo.gl/fbAQLP

exports[`passes props to the original Image component 1`] = `
<Image
  resizeMode="cover"
  source={
    Object {
      "testUri": "../../../packages/shared/src/image/assets/placeholders/100.png",
    }
  }
  style={
    Object {
      "borderRadius": 2,
      "height": 75,
      "width": 50,
    }
  }
/>
`;
