// Jest Snapshot v1, https://goo.gl/fbAQLP

exports[`filters future/current and past trips based on arrival 1`] = `
Array [
  Array [
    Object {
      "cursor": "x",
      "node": Object {
        "arrival": Object {
          "localTime": 1970-01-01T00:00:00.003Z,
        },
        "assets": null,
      },
    },
    Object {
      "cursor": "x",
      "node": Object {
        "arrival": Object {
          "localTime": 1970-01-01T00:00:00.004Z,
        },
        "assets": null,
      },
    },
    Object {
      "cursor": "x",
      "node": Object {
        "arrival": Object {
          "localTime": 1970-01-01T00:00:00.005Z,
        },
        "assets": null,
      },
    },
  ],
  Array [
    Object {
      "cursor": "x",
      "node": Object {
        "arrival": Object {
          "localTime": 1970-01-01T00:00:00.001Z,
        },
        "assets": null,
      },
    },
    Object {
      "cursor": "x",
      "node": Object {
        "arrival": Object {
          "localTime": 1970-01-01T00:00:00.002Z,
        },
        "assets": null,
      },
    },
  ],
]
`;
