// Jest Snapshot v1, https://goo.gl/fbAQLP

exports[`renders as expected 1`] = `
<View
  style={
    Object {
      "alignItems": "center",
      "flex": 1,
      "justifyContent": "center",
    }
  }
>
  <View>
    <Text
      accessible={true}
      allowFontScaling={true}
      ellipsizeMode="tail"
      style={
        Array [
          Object {
            "color": "#171b1e",
            "fontFamily": "CircularPro-Book",
            "fontSize": 14,
            "fontWeight": "normal",
            "letterSpacing": -0.15,
          },
          Object {
            "color": "#e84646",
            "textAlign": "center",
          },
        ]
      }
    >
      <Text
        accessible={true}
        allowFontScaling={true}
        ellipsizeMode="tail"
      >
        Error Message
      </Text>
    </Text>
  </View>
</View>
`;
